# CVS $Revision: 1.1 $ $Author: wireframe $ -- Tue May 17 01:35:11 2005 -- reformated by prettylst.pl v1.35 (build 469)
SOURCELONG:System Reference Document|SOURCESHORT:SRD|SOURCEWEB:http://groups.yahoo.com/group/pcgen/files/3.0%20SRD/


# Feat Name				Type				Req. Att.	Required Class								Required Feat									Req. nb of Hand	Required Lvl	Required Skill	Req. Spellbook	Required Stat				Var. Min. Value				Special Ability										Define									Description		Stackable?	Multiple?	Choose																		Automaticaly Gained Armor Prof.	Automaticaly Gained Shield Prof.	Automaticaly Gained Weapon Prof.	Add Spell Lvl	Save checks bonus			Combat bonus								BONUS:DC						Bonus to HP			% bonus to range								Bonus to skill			Modify VAR															Weapon prop. bonus													Weapon prof. bonus													Source Page
Alertness				TYPE:General																																																																							DESC:See Text																																																																																	BONUS:SKILL|Listen,Spot|2																																																	SOURCEPAGE:srdfeats.rtf
